<html>
<body>
<pre>
<h1>µVision Build Log</h1>
<h2>Project:</h2>
C:\Users\Mridul\Desktop\NUC200SeriesBSP\SampleCode\Driver\SPI\KEIL\SPI.uvproj
Project File Date:  05/01/2014

<h2>Output:</h2>
Rebuild target 'SPI'
Clean started - Project: 'SPI'
   deleting intermediate output files for target 'SPI'
creating preprocessor file for core_cm0.c...
compiling core_cm0.c...
creating preprocessor file for system_NUC200Series.c...
compiling system_NUC200Series.c...
assembling startup_NUC200Series.s...
creating preprocessor file for main.c...
compiling main.c...
creating preprocessor file for retarget.c...
compiling retarget.c...
linking...
Program Size: Code=4332 RO-data=1544 RW-data=52 ZI-data=1540  
".\obj\SPI.axf" - 0 Error(s), 0 Warning(s).

*** Performing Cross-Module-Optimization:
compiling core_cm0.c...
compiling system_NUC200Series.c...
compiling retarget.c...
linking...
Program Size: Code=4172 RO-data=1544 RW-data=52 ZI-data=1540  
compiling core_cm0.c...
compiling system_NUC200Series.c...
compiling retarget.c...
linking...
Program Size: Code=4172 RO-data=1544 RW-data=52 ZI-data=1540  
After Build - User command #1: fromelf --bin ".\obj\SPI.axf" --output ".\obj\SPI.bin"
After Build - User command #2: fromelf --text -c ".\obj\SPI.axf" --output ".\obj\SPI.txt"
".\obj\SPI.axf" - 0 Error(s), 0 Warning(s).
*** Completed Cross-Module-Optimization after 3 iteration(s).
Load "C:\\Users\\Mridul\\Desktop\\NUC200SeriesBSP\\SampleCode\\Driver\\SPI\\KEIL\\obj\\SPI.axf" 
</pre>
</body>
</html>
target.c(136): warning:  #940-D: missing return statement at end of non-void function "GetChar"
  }
..\..\..\..\LibNUC200Series\StdDriver\src\retarget.c: 1 warning, 0 errors
linking...
Program Size: Code=4156 RO-data=1544 RW-data=52 ZI-data=1540  
After Build - User command #1: fromelf --bin ".\obj\SPI.axf" --output ".\obj\SPI.bin"
After Build - User command #2: fromelf --text -c ".\obj\SPI.axf" --output ".\obj\SPI.txt"
".\obj\SPI.axf" - 0 Error(s), 1 Warning(s).
*** Completed Cross-Module-Optimization after 3 iteration(s).
Load "C:\\Users\\Mridul\\Desktop\\NUC200SeriesBSP\\SampleCode\\Driver\\SPI\\KEIL\\obj\\SPI.axf" 
