<html>
<body>
<pre>
<h1>µVision Build Log</h1>
<h2>Project:</h2>
C:\Users\Mridul\Desktop\NUC200SeriesBSP\SampleCode\Driver\RTC\KEIL\RTC.uvproj
Project File Date:  04/25/2014

<h2>Output:</h2>
Rebuild target 'RTC'
Clean started - Project: 'RTC'
   deleting intermediate output files for target 'RTC'
creating preprocessor file for core_cm0.c...
compiling core_cm0.c...
creating preprocessor file for system_NUC200Series.c...
compiling system_NUC200Series.c...
assembling startup_NUC200Series.s...
creating preprocessor file for main.c...
compiling main.c...
creating preprocessor file for retarget.c...
compiling retarget.c...
..\..\..\..\LibNUC200Series\StdDriver\src\retarget.c(136): warning:  #940-D: missing return statement at end of non-void function "GetChar"
  }
..\..\..\..\LibNUC200Series\StdDriver\src\retarget.c: 1 warning, 0 errors
linking...
Program Size: Code=4064 RO-data=816 RW-data=48 ZI-data=1024  
".\obj\RTC.axf" - 0 Error(s), 1 Warning(s).

*** Performing Cross-Module-Optimization:
compiling core_cm0.c...
compiling system_NUC200Series.c...
compiling retarget.c...
..\..\..\..\LibNUC200Series\StdDriver\src\retarget.c(136): warning:  #940-D: missing return statement at end of non-void function "GetChar"
  }
..\..\..\..\LibNUC200Series\StdDriver\src\retarget.c: 1 warning, 0 errors
linking...
Program Size: Code=3912 RO-data=816 RW-data=48 ZI-data=1024  
compiling core_cm0.c...
compiling system_NUC200Series.c...
compiling retarget.c...
..\..\..\..\LibNUC200Series\StdDriver\src\retarget.c(136): warning:  #940-D: missing return statement at end of non-void function "GetChar"
  }
..\..\..\..\LibNUC200Series\StdDriver\src\retarget.c: 1 warning, 0 errors
linking...
Program Size: Code=3912 RO-data=816 RW-data=48 ZI-data=1024  
After Build - User command #1: fromelf --bin ".\obj\RTC.axf" --output ".\obj\RTC.bin"
After Build - User command #2: fromelf --text -c ".\obj\RTC.axf" --output ".\obj\RTC.txt"
".\obj\RTC.axf" - 0 Error(s), 1 Warning(s).
*** Completed Cross-Module-Optimization after 3 iteration(s).
Load "C:\\Users\\Mridul\\Desktop\\NUC200SeriesBSP\\SampleCode\\Driver\\RTC\\KEIL\\obj\\RTC.axf" 
Load "C:\\Users\\Mridul\\Desktop\\NUC200SeriesBSP\\SampleCode\\Driver\\RTC\\KEIL\\obj\\RTC.axf" 
</pre>
</body>
</html>
